// Jest Snapshot v1, https://goo.gl/fbAQLP

exports[`Alert.vue has the expected html structure 1`] = `
<div
  class="lux-alert lux-alert-info"
  name="fade"
  role="alert"
>
  <span>
    Here's some info for you.
  </span>
   
  <!---->
</div>
`;
